     1 00000000 B080                    mov al,80h      ;CWR
     2 00000002 E667                    out 67h,al
     3                                  
     4 00000004 B001                    mov al,01h      ;Latch
     5 00000006 E663                    out 63h,al
     6                                  
     7 00000008 B000                    mov al,00h      ;Staircase
     8                                  
     9 0000000A E661                    back :	out 61h,al
    10 0000000C B9FF00                  	mov cx,00ffh
    11                                  	
    12 0000000F 49                      delay :	dec cx
    13 00000010 75FD                    	jnz delay
    14 00000012 0455                    	add al,55h
    15 00000014 3CFF                    	cmp al,0ffh
    16 00000016 75F2                    	jne back
    17                                  
    18 00000018 E661                    back1 :	out 61h,al
    19 0000001A B9FF00                  	mov cx,00ffh
    20                                  	
    21 0000001D 49                      delay1 :dec cx
    22 0000001E 75F8                    	jnz back1
    23 00000020 2C55                    	sub al,55h
    24 00000022 3C00                    	cmp al,00h
    25 00000024 75F2                    	jne back1
    26 00000026 EBE2                    	jmp back
    27                                  	
    28 00000028 CD03                    	int 3
