     1 00000000 B001                    mov al,01h      ;1st Command Word for left entry
     2 00000002 E631                    out 31h,al
     3                                  
     4 00000004 B090                    mov al,90h      ;2nd Command Word
     5 00000006 E631                    out 31h,al
     6                                  
     7 00000008 8CC8                    mov ax,cs       ;Initialization of Data Segment
     8 0000000A 8ED8                    mov ds,ax
     9                                  
    10 0000000C B104                    again : mov cl,04h      ;Counter for 4 numbers
    11                                  
    12 0000000E BBE803                          mov bx,1000
    13                                  
    14 00000011 8A07                    back:   mov al,[bx]
    15 00000013 E630                            out 30h,al
    16                                  
    17 00000015 BEFFFF                          mov si,00ffffh  ;Counter for delay
    18                                          
    19 00000018 4E                      delay : dec si
    20 00000019 75FD                            jnz delay
    21 0000001B 43                              inc bx
    22 0000001C FEC9                            dec cl
    23 0000001E 75F1                            jnz back
    24 00000020 EBEA                            jmp again
    25                                          
    26 00000022 CD03                            int 3
